// Jest Snapshot v1, https://goo.gl/fbAQLP

exports[`AddHeaderPageTests Renders correctly 1`] = `
<View
  style={
    Object {
      "alignItems": "center",
      "alignSelf": "center",
      "flexDirection": "row",
      "marginBottom": 15,
      "width": "80%",
    }
  }
>
  <Text
    style={
      Object {
        "color": "#495057",
        "fontSize": 28,
      }
    }
  />
  <View
    style={
      Object {
        "flexDirection": "row-reverse",
        "flexGrow": 1,
      }
    }
  >
    <View
      accessible={true}
      focusable={true}
      onBlur={[Function]}
      onClick={[Function]}
      onFocus={[Function]}
      onResponderGrant={[Function]}
      onResponderMove={[Function]}
      onResponderRelease={[Function]}
      onResponderTerminate={[Function]}
      onResponderTerminationRequest={[Function]}
      onStartShouldSetResponder={[Function]}
      style={
        Array [
          Object {
            "alignContent": "center",
            "alignItems": "center",
            "backgroundColor": "#2AB7CA",
            "borderRadius": 15,
            "flexDirection": "row",
            "height": 50,
            "justifyContent": "center",
            "marginBottom": 15,
          },
          Object {
            "backgroundColor": "#868e96",
            "marginBottom": 0,
            "width": 50,
          },
        ]
      }
    >
      <Icon
        color="white"
        name="add"
        size={24}
      />
    </View>
  </View>
</View>
`;

exports[`AddHeaderTests Renders correctly 1`] = `
<View
  style={
    Object {
      "alignItems": "center",
      "alignSelf": "center",
      "flexDirection": "row",
      "marginBottom": 15,
      "width": "80%",
    }
  }
>
  <Text
    style={
      Object {
        "color": "#495057",
        "fontSize": 28,
      }
    }
  />
  <View
    style={
      Object {
        "flexDirection": "row-reverse",
        "flexGrow": 1,
      }
    }
  >
    <View
      accessible={true}
      focusable={true}
      onBlur={[Function]}
      onClick={[Function]}
      onFocus={[Function]}
      onResponderGrant={[Function]}
      onResponderMove={[Function]}
      onResponderRelease={[Function]}
      onResponderTerminate={[Function]}
      onResponderTerminationRequest={[Function]}
      onStartShouldSetResponder={[Function]}
      style={
        Array [
          Object {
            "alignContent": "center",
            "alignItems": "center",
            "backgroundColor": "#2AB7CA",
            "borderRadius": 15,
            "flexDirection": "row",
            "height": 50,
            "justifyContent": "center",
            "marginBottom": 15,
          },
          Object {
            "backgroundColor": "#868e96",
            "marginBottom": 0,
            "width": 50,
          },
        ]
      }
    >
      <Icon
        color="white"
        name="add"
        size={24}
      />
    </View>
  </View>
</View>
`;
