// Jest Snapshot v1, https://goo.gl/fbAQLP

exports[`CheckBoxTests Renders correctly 1`] = `
<View
  accessible={true}
  focusable={true}
  onBlur={[Function]}
  onClick={[Function]}
  onFocus={[Function]}
  onResponderGrant={[Function]}
  onResponderMove={[Function]}
  onResponderRelease={[Function]}
  onResponderTerminate={[Function]}
  onResponderTerminationRequest={[Function]}
  onStartShouldSetResponder={[Function]}
>
  <Icon
    color="#868e96"
    name="radio-button-unchecked"
    size={24}
  />
</View>
`;
