// Jest Snapshot v1, https://goo.gl/fbAQLP

exports[`FlaggedFoodsPageTests Renders correctly 1`] = `
<View
  style={
    Array [
      Object {
        "alignItems": "center",
        "backgroundColor": "white",
        "display": "flex",
        "height": "100%",
        "justifyContent": "center",
      },
      Object {
        "backgroundColor": "#2AB7CA",
        "justifyContent": "flex-start",
        "paddingTop": 40,
      },
    ]
  }
>
  <Text
    style={
      Array [
        Object {
          "color": "#495057",
          "fontSize": 28,
        },
        Object {
          "color": "#e9ecef",
        },
      ]
    }
  >
    Choose a restriction to add
  </Text>
  <RCTScrollView
    data={null}
    disableVirtualization={false}
    getItem={[Function]}
    getItemCount={[Function]}
    horizontal={false}
    initialNumToRender={10}
    keyExtractor={[Function]}
    maxToRenderPerBatch={10}
    onContentSizeChange={[Function]}
    onEndReachedThreshold={2}
    onLayout={[Function]}
    onMomentumScrollEnd={[Function]}
    onScroll={[Function]}
    onScrollBeginDrag={[Function]}
    onScrollEndDrag={[Function]}
    removeClippedSubviews={false}
    renderItem={[Function]}
    scrollEventThrottle={50}
    stickyHeaderIndices={Array []}
    style={
      Object {
        "width": "100%",
      }
    }
    updateCellsBatchingPeriod={50}
    viewabilityConfigCallbackPairs={Array []}
    windowSize={21}
  >
    <View />
  </RCTScrollView>
</View>
`;
