// Jest Snapshot v1, https://goo.gl/fbAQLP

exports[`FoodPageTests Renders correctly 1`] = `
<View
  style={
    Object {
      "alignItems": "center",
      "backgroundColor": "white",
      "display": "flex",
      "height": "100%",
      "justifyContent": "center",
    }
  }
>
  <View
    style={
      Object {
        "alignItems": "center",
        "alignSelf": "center",
        "backgroundColor": "#AAF9F0",
        "borderColor": "#1E91AD",
        "borderRadius": 15,
        "borderWidth": 2,
        "elevation": 5,
        "flexDirection": "row",
        "height": 50,
        "paddingLeft": 5,
        "position": "absolute",
        "top": 30,
        "transform": Array [
          Object {
            "translateY": -100,
          },
        ],
        "width": "80%",
      }
    }
  >
    <View
      style={
        Object {
          "width": 32,
        }
      }
    >
      <Icon
        color="#1E91AD"
        name="check-circle"
        size={32}
      />
    </View>
    <Text
      style={
        Array [
          Object {
            "fontSize": 16,
            "marginLeft": 5,
          },
          Object {
            "color": "#1E91AD",
          },
        ]
      }
    >
      Added item to grocery list
    </Text>
  </View>
  <View
    style={
      Object {
        "alignItems": "center",
        "alignSelf": "center",
        "backgroundColor": "#AAF9F0",
        "borderColor": "#1E91AD",
        "borderRadius": 15,
        "borderWidth": 2,
        "elevation": 5,
        "flexDirection": "row",
        "height": 50,
        "paddingLeft": 5,
        "position": "absolute",
        "top": 30,
        "transform": Array [
          Object {
            "translateY": -100,
          },
        ],
        "width": "80%",
      }
    }
  >
    <View
      style={
        Object {
          "width": 32,
        }
      }
    >
      <Icon
        color="#1E91AD"
        name="check-circle"
        size={32}
      />
    </View>
    <Text
      style={
        Array [
          Object {
            "fontSize": 16,
            "marginLeft": 5,
          },
          Object {
            "color": "#1E91AD",
          },
        ]
      }
    >
      Flagged food
    </Text>
  </View>
  <View
    style={
      Object {
        "alignItems": "center",
        "alignSelf": "center",
        "backgroundColor": "#AAF9F0",
        "borderColor": "#1E91AD",
        "borderRadius": 15,
        "borderWidth": 2,
        "elevation": 5,
        "flexDirection": "row",
        "height": 50,
        "paddingLeft": 5,
        "position": "absolute",
        "top": 30,
        "transform": Array [
          Object {
            "translateY": -100,
          },
        ],
        "width": "80%",
      }
    }
  >
    <View
      style={
        Object {
          "width": 32,
        }
      }
    >
      <Icon
        color="#1E91AD"
        name="check-circle"
        size={32}
      />
    </View>
    <Text
      style={
        Array [
          Object {
            "fontSize": 16,
            "marginLeft": 5,
          },
          Object {
            "color": "#1E91AD",
          },
        ]
      }
    >
      Saved food
    </Text>
  </View>
  <View
    style={
      Object {
        "alignItems": "center",
        "backgroundColor": "#dee2e6",
        "bottom": 0,
        "left": 0,
        "paddingTop": 20,
        "position": "absolute",
        "right": 0,
        "top": 0,
        "transform": Array [
          Object {
            "translateY": 0,
          },
        ],
      }
    }
  >
    <Icon
      color="#343a40"
      name="food-apple"
      size={200}
    />
  </View>
  <RCTScrollView
    contentContainerStyle={
      Object {
        "flexGrow": 1,
      }
    }
    onScroll={[Function]}
    refreshControl={
      <RefreshControlMock
        colors={
          Array [
            "#2AB7CA",
          ]
        }
        onRefresh={[Function]}
        refreshing={false}
      />
    }
    scrollEventThrottle={0.0001}
    style={
      Object {
        "width": "100%",
      }
    }
  >
    <RCTRefreshControl />
    <View>
      <View
        style={
          Object {
            "height": 200,
          }
        }
      />
      <View
        style={
          Object {
            "flexDirection": "row",
            "flexWrap": "wrap",
          }
        }
      >
        <View
          style={
            Object {
              "alignItems": "center",
              "backgroundColor": "#000B",
              "borderRadius": 15,
              "color": "#f1f3f5",
              "flexDirection": "row",
              "marginBottom": 10,
              "marginLeft": 10,
              "minHeight": 35,
              "paddingHorizontal": 10,
            }
          }
        >
          <Text
            style={
              Object {
                "bottom": 1,
                "color": "#f1f3f5",
                "fontSize": 20,
              }
            }
          />
        </View>
        <View
          style={
            Object {
              "alignItems": "center",
              "backgroundColor": "#000B",
              "borderRadius": 15,
              "color": "#f1f3f5",
              "flexDirection": "row",
              "marginBottom": 10,
              "marginLeft": 10,
              "minHeight": 35,
              "paddingHorizontal": 10,
            }
          }
        >
          <Icon
            color="#FE4A49"
            name="warning"
            size={20}
            style={
              Object {
                "right": 2,
              }
            }
          />
          <Text
            style={
              Object {
                "bottom": 1,
                "color": "#f1f3f5",
                "fontSize": 20,
              }
            }
          >
            Unsafe
          </Text>
        </View>
      </View>
      <View
        style={
          Object {
            "alignItems": "center",
            "backgroundColor": "white",
            "elevation": 10,
            "flexGrow": 1,
            "paddingBottom": 15,
            "width": "100%",
          }
        }
      >
        <View
          style={
            Object {
              "backgroundColor": "#dee2e6",
              "borderRadius": 15,
              "flexDirection": "column",
              "marginTop": 15,
              "maxHeight": 50,
              "overflow": "hidden",
              "width": "90%",
            }
          }
        >
          <View
            accessible={true}
            focusable={true}
            onBlur={[Function]}
            onClick={[Function]}
            onFocus={[Function]}
            onResponderGrant={[Function]}
            onResponderMove={[Function]}
            onResponderRelease={[Function]}
            onResponderTerminate={[Function]}
            onResponderTerminationRequest={[Function]}
            onStartShouldSetResponder={[Function]}
            style={
              Object {
                "alignItems": "center",
                "flexDirection": "row",
                "height": 50,
                "paddingLeft": 15,
                "paddingRight": 11.25,
              }
            }
          >
            <Text
              style={
                Array [
                  Object {
                    "color": "#495057",
                    "fontSize": 16,
                    "paddingRight": 5,
                  },
                  Object {
                    "flexGrow": 1,
                  },
                ]
              }
            >
              Violated Restrictions
            </Text>
            <Icon
              color="#495057"
              name="expand-more"
              size={36}
              style={
                Object {
                  "transform": Array [
                    Object {
                      "rotate": "0deg",
                    },
                  ],
                }
              }
            />
          </View>
          <View
            style={
              Object {
                "flexDirection": "column",
                "paddingBottom": 15,
                "paddingHorizontal": 15,
              }
            }
          />
        </View>
        <View
          style={
            Object {
              "backgroundColor": "#dee2e6",
              "borderRadius": 15,
              "flexDirection": "column",
              "marginTop": 15,
              "maxHeight": 50,
              "overflow": "hidden",
              "width": "90%",
            }
          }
        >
          <View
            accessible={true}
            focusable={true}
            onBlur={[Function]}
            onClick={[Function]}
            onFocus={[Function]}
            onResponderGrant={[Function]}
            onResponderMove={[Function]}
            onResponderRelease={[Function]}
            onResponderTerminate={[Function]}
            onResponderTerminationRequest={[Function]}
            onStartShouldSetResponder={[Function]}
            style={
              Object {
                "alignItems": "center",
                "flexDirection": "row",
                "height": 50,
                "paddingLeft": 15,
                "paddingRight": 11.25,
              }
            }
          >
            <Text
              style={
                Array [
                  Object {
                    "color": "#495057",
                    "fontSize": 16,
                    "paddingRight": 5,
                  },
                  Object {
                    "flexGrow": 1,
                  },
                ]
              }
            >
              Ingredients
            </Text>
            <Icon
              color="#495057"
              name="expand-more"
              size={36}
              style={
                Object {
                  "transform": Array [
                    Object {
                      "rotate": "0deg",
                    },
                  ],
                }
              }
            />
          </View>
          <View
            style={
              Object {
                "flexDirection": "column",
                "paddingBottom": 15,
                "paddingHorizontal": 15,
              }
            }
          />
        </View>
        <View
          style={
            Object {
              "padding": 10,
            }
          }
        >
          <Text
            style={
              Object {
                "color": "#adb5bd",
                "textAlign": "center",
              }
            }
          >
            Allergen Alert “Safe” ratings are not medical advice or a guarantee of allergy safety. Allergen Alert is not responsible for any adverse reactions caused by consumption of foods labeled “Safe” or otherwise.
          </Text>
        </View>
      </View>
    </View>
  </RCTScrollView>
  <View
    pointerEvents="box-none"
    style={
      Object {
        "alignItems": "flex-end",
        "height": "100%",
        "justifyContent": "flex-end",
        "position": "absolute",
        "width": "100%",
      }
    }
  >
    <View
      accessible={true}
      focusable={true}
      onBlur={[Function]}
      onClick={[Function]}
      onFocus={[Function]}
      onResponderGrant={[Function]}
      onResponderMove={[Function]}
      onResponderRelease={[Function]}
      onResponderTerminate={[Function]}
      onResponderTerminationRequest={[Function]}
      onStartShouldSetResponder={[Function]}
      pointerEvents="none"
      style={
        Object {
          "backgroundColor": "black",
          "bottom": 0,
          "left": 0,
          "opacity": 0,
          "position": "absolute",
          "right": 0,
          "top": 0,
        }
      }
    />
    <View
      style={
        Object {
          "alignItems": "center",
          "bottom": 30,
          "justifyContent": "center",
          "overflow": "visible",
          "width": 120,
        }
      }
    >
      <View
        accessible={true}
        focusable={true}
        onBlur={[Function]}
        onClick={[Function]}
        onFocus={[Function]}
        onResponderGrant={[Function]}
        onResponderMove={[Function]}
        onResponderRelease={[Function]}
        onResponderTerminate={[Function]}
        onResponderTerminationRequest={[Function]}
        onStartShouldSetResponder={[Function]}
        style={
          Object {
            "backgroundColor": "#156E91",
            "borderRadius": 5,
            "justifyContent": "center",
            "opacity": 0,
            "padding": 5,
            "position": "absolute",
            "transform": Array [
              Object {
                "translateY": 0,
              },
            ],
          }
        }
      >
        <Text
          style={
            Object {
              "bottom": 1,
              "color": "white",
              "fontSize": 16,
            }
          }
        >
          Saved Foods
        </Text>
      </View>
      <View
        accessible={true}
        focusable={true}
        onBlur={[Function]}
        onClick={[Function]}
        onFocus={[Function]}
        onResponderGrant={[Function]}
        onResponderMove={[Function]}
        onResponderRelease={[Function]}
        onResponderTerminate={[Function]}
        onResponderTerminationRequest={[Function]}
        onStartShouldSetResponder={[Function]}
        style={
          Object {
            "backgroundColor": "#156E91",
            "borderRadius": 5,
            "justifyContent": "center",
            "opacity": 0,
            "padding": 5,
            "position": "absolute",
            "transform": Array [
              Object {
                "translateY": 0,
              },
            ],
          }
        }
      >
        <Text
          style={
            Object {
              "bottom": 1,
              "color": "white",
              "fontSize": 16,
            }
          }
        >
          Flagged Foods
        </Text>
      </View>
      <View
        accessible={true}
        focusable={true}
        onBlur={[Function]}
        onClick={[Function]}
        onFocus={[Function]}
        onResponderGrant={[Function]}
        onResponderMove={[Function]}
        onResponderRelease={[Function]}
        onResponderTerminate={[Function]}
        onResponderTerminationRequest={[Function]}
        onStartShouldSetResponder={[Function]}
        style={
          Object {
            "backgroundColor": "#156E91",
            "borderRadius": 5,
            "justifyContent": "center",
            "opacity": 0,
            "padding": 5,
            "position": "absolute",
            "transform": Array [
              Object {
                "translateY": 0,
              },
            ],
          }
        }
      >
        <Text
          style={
            Object {
              "bottom": 1,
              "color": "white",
              "fontSize": 16,
            }
          }
        >
          Grocery List
        </Text>
      </View>
      <View
        accessible={true}
        focusable={true}
        onBlur={[Function]}
        onClick={[Function]}
        onFocus={[Function]}
        onResponderGrant={[Function]}
        onResponderMove={[Function]}
        onResponderRelease={[Function]}
        onResponderTerminate={[Function]}
        onResponderTerminationRequest={[Function]}
        onStartShouldSetResponder={[Function]}
        style={
          Object {
            "alignItems": "center",
            "backgroundColor": "#2AB7CA",
            "borderRadius": 30,
            "elevation": 5,
            "height": 60,
            "justifyContent": "center",
            "width": 60,
          }
        }
      >
        <Icon
          color="white"
          name="add"
          size={36}
          style={
            Object {
              "opacity": 0,
              "position": "absolute",
              "transform": Array [
                Object {
                  "rotate": "0deg",
                },
              ],
            }
          }
        />
        <Icon
          color="white"
          name="playlist-add"
          size={36}
          style={
            Object {
              "opacity": 1,
              "position": "absolute",
              "transform": Array [
                Object {
                  "rotate": "0deg",
                },
              ],
            }
          }
        />
      </View>
    </View>
  </View>
</View>
`;
