// Jest Snapshot v1, https://goo.gl/fbAQLP

exports[`FoodSearchPageTests Renders correctly 1`] = `
<View
  style={
    Object {
      "alignItems": "center",
      "backgroundColor": "white",
      "display": "flex",
      "height": "100%",
      "justifyContent": "center",
    }
  }
>
  <RCTScrollView
    ListEmptyComponent={[Function]}
    contentContainerStyle={
      Object {
        "flexGrow": 1,
      }
    }
    data={null}
    disableVirtualization={false}
    extraData={null}
    getItem={[Function]}
    getItemCount={[Function]}
    horizontal={false}
    initialNumToRender={10}
    keyExtractor={[Function]}
    maxToRenderPerBatch={10}
    onContentSizeChange={[Function]}
    onEndReachedThreshold={2}
    onLayout={[Function]}
    onMomentumScrollEnd={[Function]}
    onScroll={[Function]}
    onScrollBeginDrag={[Function]}
    onScrollEndDrag={[Function]}
    refreshControl={
      <RefreshControlMock
        colors={
          Array [
            "#2AB7CA",
          ]
        }
        onRefresh={[Function]}
        refreshing={false}
      />
    }
    removeClippedSubviews={false}
    renderItem={[Function]}
    scrollEventThrottle={50}
    stickyHeaderIndices={Array []}
    style={
      Object {
        "alignContent": "center",
        "width": "100%",
      }
    }
    updateCellsBatchingPeriod={50}
    viewabilityConfigCallbackPairs={Array []}
    windowSize={21}
  >
    <RCTRefreshControl />
    <View>
      <View
        style={
          Object {
            "alignItems": "center",
            "flexGrow": 1,
            "height": "100%",
            "justifyContent": "center",
          }
        }
      >
        <Text
          style={
            Object {
              "color": "#adb5bd",
            }
          }
        >
          Search for something, or open the barcode scanner
        </Text>
      </View>
    </View>
  </RCTScrollView>
  <View
    style={
      Object {
        "alignItems": "flex-end",
        "height": "100%",
        "justifyContent": "flex-end",
        "position": "absolute",
        "width": "100%",
      }
    }
  >
    <View
      accessible={true}
      focusable={true}
      onBlur={[Function]}
      onClick={[Function]}
      onFocus={[Function]}
      onResponderGrant={[Function]}
      onResponderMove={[Function]}
      onResponderRelease={[Function]}
      onResponderTerminate={[Function]}
      onResponderTerminationRequest={[Function]}
      onStartShouldSetResponder={[Function]}
      style={
        Array [
          Object {
            "alignItems": "center",
            "backgroundColor": "#2AB7CA",
            "borderRadius": 30,
            "elevation": 5,
            "height": 60,
            "justifyContent": "center",
            "width": 60,
          },
          Object {
            "bottom": 30,
            "right": 30,
          },
        ]
      }
    >
      <Icon
        color="white"
        name="barcode-scan"
        size={32}
      />
    </View>
  </View>
</View>
`;
