// Jest Snapshot v1, https://goo.gl/fbAQLP

exports[`LandingPageTests Renders correctly 1`] = `
<View
  style={
    Array [
      Object {
        "alignItems": "center",
        "backgroundColor": "white",
        "display": "flex",
        "height": "100%",
        "justifyContent": "center",
      },
      Object {
        "paddingTop": 0,
      },
    ]
  }
>
  <View
    style={
      Object {
        "alignItems": "center",
        "display": "flex",
      }
    }
  >
    <View
      accessible={true}
      focusable={true}
      onBlur={[Function]}
      onClick={[Function]}
      onFocus={[Function]}
      onResponderGrant={[Function]}
      onResponderMove={[Function]}
      onResponderRelease={[Function]}
      onResponderTerminate={[Function]}
      onResponderTerminationRequest={[Function]}
      onStartShouldSetResponder={[Function]}
    >
      <Image
        source={1}
        style={
          Array [
            undefined,
          ]
        }
      />
    </View>
    <Text
      style={
        Array [
          undefined,
        ]
      }
    />
  </View>
  <View
    style={
      Object {
        "alignItems": "center",
        "display": "flex",
        "width": "100%",
      }
    }
  >
    <View
      style={
        Object {
          "backgroundColor": "white",
          "width": "100%",
        }
      }
    >
      ListItem
      ListItem
      ListItem
    </View>
  </View>
</View>
`;
