// Jest Snapshot v1, https://goo.gl/fbAQLP

exports[`RestrictionInfoPageTests Renders correctly 1`] = `
<View
  style={
    Array [
      Object {
        "alignItems": "center",
        "backgroundColor": "white",
        "display": "flex",
        "height": "100%",
        "justifyContent": "center",
      },
      Object {
        "justifyContent": "flex-start",
      },
    ]
  }
>
  <View
    style={
      Object {
        "alignItems": "center",
        "alignSelf": "center",
        "backgroundColor": "#FEC9B6",
        "borderColor": "#DA3542",
        "borderRadius": 15,
        "borderWidth": 2,
        "elevation": 5,
        "flexDirection": "row",
        "height": 50,
        "paddingLeft": 5,
        "position": "absolute",
        "top": 30,
        "transform": Array [
          Object {
            "translateY": -100,
          },
        ],
        "width": "80%",
      }
    }
  >
    <Icon
      color="#DA3542"
      name="error"
      size={32}
    />
    <Text
      style={
        Array [
          Object {
            "fontSize": 16,
            "marginLeft": 5,
          },
          Object {
            "color": "#DA3542",
          },
        ]
      }
    />
  </View>
  <RCTScrollView
    disableVirtualization={false}
    getItem={[Function]}
    getItemCount={[Function]}
    horizontal={false}
    initialNumToRender={10}
    keyExtractor={[Function]}
    maxToRenderPerBatch={10}
    onContentSizeChange={[Function]}
    onEndReachedThreshold={2}
    onLayout={[Function]}
    onMomentumScrollEnd={[Function]}
    onScroll={[Function]}
    onScrollBeginDrag={[Function]}
    onScrollEndDrag={[Function]}
    removeClippedSubviews={false}
    renderItem={[Function]}
    scrollEventThrottle={50}
    stickyHeaderIndices={Array []}
    updateCellsBatchingPeriod={50}
    viewabilityConfigCallbackPairs={Array []}
    windowSize={21}
  >
    <View />
  </RCTScrollView>
</View>
`;
