// Jest Snapshot v1, https://goo.gl/fbAQLP

exports[`SavedFoodsPageTests Renders correctly 1`] = `
<View
  style={
    Array [
      Object {
        "alignItems": "center",
        "backgroundColor": "white",
        "display": "flex",
        "height": "100%",
        "justifyContent": "center",
      },
      Object {
        "justifyContent": "flex-start",
      },
    ]
  }
>
  <RCTScrollView
    ListEmptyComponent={[Function]}
    contentContainerStyle={
      Object {
        "flexGrow": 1,
      }
    }
    data={null}
    disableVirtualization={false}
    getItem={[Function]}
    getItemCount={[Function]}
    horizontal={false}
    initialNumToRender={10}
    keyExtractor={[Function]}
    maxToRenderPerBatch={10}
    onContentSizeChange={[Function]}
    onEndReachedThreshold={2}
    onLayout={[Function]}
    onMomentumScrollEnd={[Function]}
    onScroll={[Function]}
    onScrollBeginDrag={[Function]}
    onScrollEndDrag={[Function]}
    refreshControl={
      <RefreshControlMock
        colors={
          Array [
            "#2AB7CA",
          ]
        }
        onRefresh={[Function]}
        refreshing={false}
      />
    }
    removeClippedSubviews={false}
    renderItem={[Function]}
    scrollEventThrottle={50}
    stickyHeaderIndices={Array []}
    style={
      Object {
        "alignContent": "center",
        "width": "100%",
      }
    }
    updateCellsBatchingPeriod={50}
    viewabilityConfigCallbackPairs={Array []}
    windowSize={21}
  >
    <RCTRefreshControl />
    <View>
      <View
        style={
          Object {
            "alignItems": "center",
            "flexGrow": 1,
            "height": "100%",
            "justifyContent": "center",
          }
        }
      >
        <Text
          style={
            Object {
              "color": "#adb5bd",
            }
          }
        >
          No foods in this list
        </Text>
      </View>
    </View>
  </RCTScrollView>
</View>
`;
