// Jest Snapshot v1, https://goo.gl/fbAQLP

exports[`TypeRestrictionPageTests Renders correctly 1`] = `
<View
  style={
    Array [
      Object {
        "alignItems": "center",
        "backgroundColor": "white",
        "display": "flex",
        "height": "100%",
        "justifyContent": "center",
      },
      Object {
        "justifyContent": "flex-start",
        "paddingTop": 40,
      },
    ]
  }
>
  <View
    style={
      Object {
        "width": "80%",
      }
    }
  >
    <TextInput
      allowFontScaling={true}
      onBlur={[Function]}
      onChangeText={[Function]}
      onFocus={[Function]}
      placeholder="Ingredient"
      placeholderTextColor="#868e96"
      rejectResponderTermination={true}
      style={
        Array [
          Object {
            "backgroundColor": "#e9ecef",
            "borderColor": "#868e96",
            "borderRadius": 15,
            "borderWidth": 0,
            "color": "#495057",
            "fontSize": 16,
            "height": 50,
            "marginBottom": 15,
            "paddingLeft": 15,
            "paddingRight": 15,
          },
          undefined,
          false,
        ]
      }
      underlineColorAndroid="transparent"
    />
    <View
      style={
        Object {
          "flexDirection": "row",
          "justifyContent": "space-between",
          "paddingTop": 20,
        }
      }
    >
      <View
        accessible={true}
        focusable={true}
        onBlur={[Function]}
        onClick={[Function]}
        onFocus={[Function]}
        onResponderGrant={[Function]}
        onResponderMove={[Function]}
        onResponderRelease={[Function]}
        onResponderTerminate={[Function]}
        onResponderTerminationRequest={[Function]}
        onStartShouldSetResponder={[Function]}
        style={
          Array [
            Object {
              "alignContent": "center",
              "alignItems": "center",
              "backgroundColor": "#2AB7CA",
              "borderRadius": 15,
              "flexDirection": "row",
              "height": 50,
              "justifyContent": "center",
              "marginBottom": 15,
            },
            false,
            Array [
              Object {
                "alignContent": "center",
                "alignItems": "center",
                "backgroundColor": "#2AB7CA",
                "borderRadius": 15,
                "flexDirection": "row",
                "height": 50,
                "justifyContent": "center",
                "marginBottom": 15,
              },
              Object {
                "width": "47%",
              },
            ],
          ]
        }
      >
        <ActivityIndicator
          animating={true}
          color="white"
          hidesWhenStopped={true}
          size="large"
          style={
            Object {
              "position": "absolute",
              "transform": Array [
                Object {
                  "translateX": 200,
                },
              ],
            }
          }
        />
        <View
          style={
            Object {
              "position": "absolute",
              "transform": Array [
                Object {
                  "translateX": 0,
                },
              ],
            }
          }
        >
          <Text
            style={
              Object {
                "color": "white",
                "fontSize": 16,
              }
            }
          >
            Add Exception
          </Text>
        </View>
      </View>
      <View
        accessible={true}
        focusable={true}
        onBlur={[Function]}
        onClick={[Function]}
        onFocus={[Function]}
        onResponderGrant={[Function]}
        onResponderMove={[Function]}
        onResponderRelease={[Function]}
        onResponderTerminate={[Function]}
        onResponderTerminationRequest={[Function]}
        onStartShouldSetResponder={[Function]}
        style={
          Array [
            Object {
              "alignContent": "center",
              "alignItems": "center",
              "backgroundColor": "#2AB7CA",
              "borderRadius": 15,
              "flexDirection": "row",
              "height": 50,
              "justifyContent": "center",
              "marginBottom": 15,
            },
            false,
            Array [
              Object {
                "alignContent": "center",
                "alignItems": "center",
                "backgroundColor": "#2AB7CA",
                "borderRadius": 15,
                "flexDirection": "row",
                "height": 50,
                "justifyContent": "center",
                "marginBottom": 15,
              },
              Object {
                "width": "47%",
              },
            ],
          ]
        }
      >
        <ActivityIndicator
          animating={true}
          color="white"
          hidesWhenStopped={true}
          size="large"
          style={
            Object {
              "position": "absolute",
              "transform": Array [
                Object {
                  "translateX": 200,
                },
              ],
            }
          }
        />
        <View
          style={
            Object {
              "position": "absolute",
              "transform": Array [
                Object {
                  "translateX": 0,
                },
              ],
            }
          }
        >
          <Text
            style={
              Object {
                "color": "white",
                "fontSize": 16,
              }
            }
          >
            Add Restriction
          </Text>
        </View>
      </View>
    </View>
    <Text
      style={
        Array [
          undefined,
          Object {
            "alignSelf": "center",
          },
        ]
      }
    />
  </View>
</View>
`;
