// Jest Snapshot v1, https://goo.gl/fbAQLP

exports[`ViewFlagsPageTests Renders correctly 1`] = `
<View
  style={
    Array [
      Object {
        "alignItems": "center",
        "backgroundColor": "white",
        "display": "flex",
        "height": "100%",
        "justifyContent": "center",
      },
      Object {
        "justifyContent": "flex-start",
        "paddingTop": 40,
      },
    ]
  }
>
  <View
    style={
      Object {
        "width": "80%",
      }
    }
  >
    <RCTScrollView
      data={
        Array [
          Object {
            "key": "1",
            "title": "Organic Blue Corn Tortilla Chips",
          },
          Object {
            "key": "2",
            "title": "Piacci Lightly Smoked Aged Provolone",
          },
          Object {
            "key": "3",
            "title": "Ramen Noodle Soup",
          },
        ]
      }
      disableVirtualization={false}
      getItem={[Function]}
      getItemCount={[Function]}
      horizontal={false}
      initialNumToRender={10}
      keyExtractor={[Function]}
      maxToRenderPerBatch={10}
      onContentSizeChange={[Function]}
      onEndReachedThreshold={2}
      onLayout={[Function]}
      onMomentumScrollEnd={[Function]}
      onScroll={[Function]}
      onScrollBeginDrag={[Function]}
      onScrollEndDrag={[Function]}
      removeClippedSubviews={false}
      renderItem={[Function]}
      scrollEventThrottle={50}
      stickyHeaderIndices={Array []}
      updateCellsBatchingPeriod={50}
      viewabilityConfigCallbackPairs={Array []}
      windowSize={21}
    >
      <View>
        <View
          onLayout={[Function]}
          style={null}
        >
          <View
            style={
              Object {
                "flexDirection": "row",
                "justifyContent": "space-between",
                "paddingBottom": 20,
              }
            }
          >
            <Text
              style={
                Array [
                  Object {
                    "color": "white",
                    "fontSize": 16,
                  },
                ]
              }
            >
              Organic Blue Corn Tortilla Chips
            </Text>
            <View
              accessible={true}
              focusable={true}
              onClick={[Function]}
              onResponderGrant={[Function]}
              onResponderMove={[Function]}
              onResponderRelease={[Function]}
              onResponderTerminate={[Function]}
              onResponderTerminationRequest={[Function]}
              onStartShouldSetResponder={[Function]}
              style={
                Object {
                  "opacity": 1,
                }
              }
            >
              <Image
                source={1}
                style={
                  Object {
                    "height": 25,
                    "width": 25,
                  }
                }
              />
            </View>
          </View>
        </View>
        <View
          onLayout={[Function]}
          style={null}
        >
          <View
            style={
              Object {
                "flexDirection": "row",
                "justifyContent": "space-between",
                "paddingBottom": 20,
              }
            }
          >
            <Text
              style={
                Array [
                  Object {
                    "color": "white",
                    "fontSize": 16,
                  },
                ]
              }
            >
              Piacci Lightly Smoked Aged Provolone
            </Text>
            <View
              accessible={true}
              focusable={true}
              onClick={[Function]}
              onResponderGrant={[Function]}
              onResponderMove={[Function]}
              onResponderRelease={[Function]}
              onResponderTerminate={[Function]}
              onResponderTerminationRequest={[Function]}
              onStartShouldSetResponder={[Function]}
              style={
                Object {
                  "opacity": 1,
                }
              }
            >
              <Image
                source={1}
                style={
                  Object {
                    "height": 25,
                    "width": 25,
                  }
                }
              />
            </View>
          </View>
        </View>
        <View
          onLayout={[Function]}
          style={null}
        >
          <View
            style={
              Object {
                "flexDirection": "row",
                "justifyContent": "space-between",
                "paddingBottom": 20,
              }
            }
          >
            <Text
              style={
                Array [
                  Object {
                    "color": "white",
                    "fontSize": 16,
                  },
                ]
              }
            >
              Ramen Noodle Soup
            </Text>
            <View
              accessible={true}
              focusable={true}
              onClick={[Function]}
              onResponderGrant={[Function]}
              onResponderMove={[Function]}
              onResponderRelease={[Function]}
              onResponderTerminate={[Function]}
              onResponderTerminationRequest={[Function]}
              onStartShouldSetResponder={[Function]}
              style={
                Object {
                  "opacity": 1,
                }
              }
            >
              <Image
                source={1}
                style={
                  Object {
                    "height": 25,
                    "width": 25,
                  }
                }
              />
            </View>
          </View>
        </View>
      </View>
    </RCTScrollView>
  </View>
</View>
`;
